// Jest Snapshot v1, https://goo.gl/fbAQLP

exports[`DesktopParty should render correctly 1`] = `<div />`;
