// Jest Snapshot v1, https://goo.gl/fbAQLP

exports[`Footer should render correctly 1`] = `
<div>
  <div
    data-cy="navbar"
  >
    <h1>
      Spotsync.
    </h1>
  </div>
</div>
`;
