// Jest Snapshot v1, https://goo.gl/fbAQLP

exports[`Code should render correctly 1`] = `
<div>
  <div>
    <h1>
      Spotsync.
    </h1>
  </div>
</div>
`;
