// Jest Snapshot v1, https://goo.gl/fbAQLP

exports[`ResponsiveParty should render correctly 1`] = `
<div>
  <img
    alt=""
    src=""
  />
  <div>
    <div>
      <h1 />
      <sub />
    </div>
  </div>
  <div />
</div>
`;
