// Jest Snapshot v1, https://goo.gl/fbAQLP

exports[`ResponsiveParty should render correctly 1`] = `
<main>
  <DesktopParty />
</main>
`;
